python : Traceback (mo
st recent call last):
At line:1 char:1
+ python test_unit_col
umn.py > test_output_u
tf8.txt 2>&1
+ ~~~~~~~~~~~~~~~~~~~~
~~~~~~~~~~~~~~~~~~~~~~
~~~~~~~~~~~~
    + CategoryInfo    
          : NotSpeci  
  fied: (Traceback    
 (most recent call    
 last)::String) [    ]
, RemoteExceptio    n
    + FullyQualifiedE 
   rrorId : NativeCo  
  mmandError
 
  File "I:\Codes\GCP\R
eportAutomatization\te
st_unit_column.py", li
ne 13, in <module>
    print("\u2713 Succ
essfully imported Pseu
doTableParser")
    ~~~~~^^^^^^^^^^^^^
^^^^^^^^^^^^^^^^^^^^^^
^^^^^^^^^^
  File "C:\Python314\L
ib\encodings\cp1250.py
", line 19, in encode
    return codecs.char
map_encode(input,self.
errors,encoding_table)
[0]
           ~~~~~~~~~~~
~~~~~~~~~~^^^^^^^^^^^^
^^^^^^^^^^^^^^^^^^^^^^
UnicodeEncodeError: 'c
harmap' codec can't en
code character '\u2713
' in position 0: chara
cter maps to <undefine
d>

During handling of the
 above exception, anot
her exception occurred
:

Traceback (most recent
 call last):
  File "I:\Codes\GCP\R
eportAutomatization\te
st_unit_column.py", li
ne 15, in <module>
    print(f"\u2717 Imp
ort failed: {e}")
    ~~~~~^^^^^^^^^^^^^
^^^^^^^^^^^^
  File "C:\Python314\L
ib\encodings\cp1250.py
", line 19, in encode
    return codecs.char
map_encode(input,self.
errors,encoding_table)
[0]
           ~~~~~~~~~~~
~~~~~~~~~~^^^^^^^^^^^^
^^^^^^^^^^^^^^^^^^^^^^
UnicodeEncodeError: 'c
harmap' codec can't en
code character '\u2717
' in position 0: chara
cter maps to <undefine
d>
